#
# There is insufficient memory for the Java Runtime Environment to continue.
# Native memory allocation (mmap) failed to map 65536 bytes. Error detail: Failed to commit metaspace.
# Possible reasons:
#   The system is out of physical RAM or swap space
#   This process is running with CompressedOops enabled, and the Java Heap may be blocking the growth of the native heap
# Possible solutions:
#   Reduce memory load on the system
#   Increase physical memory or swap space
#   Check if swap backing store is full
#   Decrease Java heap size (-Xmx/-Xms)
#   Decrease number of Java threads
#   Decrease Java thread stack sizes (-Xss)
#   Set larger code cache with -XX:ReservedCodeCacheSize=
#   JVM is running with Unscaled Compressed Oops mode in which the Java heap is
#     placed in the first 4GB address space. The Java Heap base address is the
#     maximum limit for the native heap growth. Please use -XX:HeapBaseMinAddress
#     to set the Java Heap base and to place the Java Heap above 4GB virtual address.
# This output file may be truncated or incomplete.
#
#  Out of Memory Error (virtualSpaceNode.cpp:113), pid=28052, tid=26208
#
# JRE version:  (21.0.10+7) (build )
# Java VM: OpenJDK 64-Bit Server VM (21.0.10+7-LTS, mixed mode, tiered, compressed oops, compressed class ptrs, parallel gc, windows-amd64)
# No core dump will be written. Minidumps are not enabled by default on client versions of Windows
#

---------------  S U M M A R Y ------------

Command Line: --add-modules=ALL-SYSTEM --add-opens=java.base/java.util=ALL-UNNAMED --add-opens=java.base/java.lang=ALL-UNNAMED --add-opens=java.base/sun.nio.fs=ALL-UNNAMED -Declipse.application=org.eclipse.jdt.ls.core.id1 -Dosgi.bundles.defaultStartLevel=4 -Declipse.product=org.eclipse.jdt.ls.core.product -Djava.import.generatesMetadataFilesAtProjectRoot=false -DDetectVMInstallationsJob.disabled=true -Dfile.encoding=utf8 -XX:+UseParallelGC -XX:GCTimeRatio=4 -XX:AdaptiveSizePolicyWeight=90 -Dsun.zip.disableMemoryMapping=true -Xmx2G -Xms100m -Xlog:disable -javaagent:c:\Users\DELL\.vscode\extensions\redhat.java-1.53.0-win32-x64\lombok\lombok-1.18.39-4050.jar c:\Users\DELL\.vscode\extensions\redhat.java-1.53.0-win32-x64\server\plugins\org.eclipse.equinox.launcher_1.7.100.v20251111-0406.jar -configuration c:\Users\DELL\AppData\Roaming\Code\User\globalStorage\redhat.java\1.53.0\config_ss_win -data c:\Users\DELL\AppData\Roaming\Code\User\workspaceStorage\b34df35f2bf57b3b17f318cf11d9a473\redhat.java\ss_ws --pipe=\\.\pipe\lsp-085e9daf1f52b1917489a0065f801ae1-sock

Host: Intel(R) Core(TM) i5-8365U CPU @ 1.60GHz, 8 cores, 7G,  Windows 10 , 64 bit Build 19041 (10.0.19041.5915)
Time: Thu Mar 26 07:48:55 2026 Pacific Daylight Time elapsed time: 0.966001 seconds (0d 0h 0m 0s)

---------------  T H R E A D  ---------------

Current thread (0x00000236f23b1bf0):  JavaThread "main"             [_thread_in_vm, id=26208, stack(0x00000053a7000000,0x00000053a7100000) (1024K)]

Stack: [0x00000053a7000000,0x00000053a7100000]
Native frames: (J=compiled Java code, j=interpreted, Vv=VM code, C=native code)
V  [jvm.dll+0x6d7a39]
V  [jvm.dll+0x8b4b26]
V  [jvm.dll+0x8b70de]
V  [jvm.dll+0x8b77c3]
V  [jvm.dll+0x284346]
V  [jvm.dll+0x8b086e]
V  [jvm.dll+0x679444]
V  [jvm.dll+0x6794aa]
V  [jvm.dll+0x67bca6]
V  [jvm.dll+0x67bb72]
V  [jvm.dll+0x679e1e]
V  [jvm.dll+0x26e1f0]
V  [jvm.dll+0x684085]
V  [jvm.dll+0x21955e]
V  [jvm.dll+0x219a05]
V  [jvm.dll+0x21a3f8]
V  [jvm.dll+0x20f62e]
V  [jvm.dll+0x5b644f]
V  [jvm.dll+0x22168e]
V  [jvm.dll+0x82e12d]
V  [jvm.dll+0x82f15b]
V  [jvm.dll+0x82f724]
V  [jvm.dll+0x82f3b8]
V  [jvm.dll+0x271c6d]
V  [jvm.dll+0x271eaa]
V  [jvm.dll+0x5d9521]
V  [jvm.dll+0x5dbb64]
V  [jvm.dll+0x3e06b2]
V  [jvm.dll+0x3e018d]
C  0x00000236875469f1

The last pc belongs to getstatic (printed below).
Java frames: (J=compiled Java code, j=interpreted, Vv=VM code)
j  sun.nio.cs.StandardCharsets.cache()Ljava/util/Map;+47 java.base
j  sun.nio.cs.StandardCharsets.lookup(Ljava/lang/String;)Ljava/nio/charset/Charset;+52 java.base
j  sun.nio.cs.StandardCharsets.charsetForName(Ljava/lang/String;)Ljava/nio/charset/Charset;+6 java.base
j  java.nio.charset.Charset.lookup2(Ljava/lang/String;)Ljava/nio/charset/Charset;+39 java.base
j  java.nio.charset.Charset.lookup(Ljava/lang/String;)Ljava/nio/charset/Charset;+40 java.base
j  java.nio.charset.Charset.isSupported(Ljava/lang/String;)Z+1 java.base
j  java.lang.System.initPhase1()V+37 java.base
v  ~StubRoutines::call_stub 0x000002368753100d
getstatic  178 getstatic  [0x0000023687546940, 0x0000023687546b38]  504 bytes
[MachCode]
  0x0000023687546940: 4883 ec08 | c5fa 1104 | 24eb 1f48 | 83ec 10c5 | fb11 0424 | eb14 4883 | ec10 4889 | 0424 48c7 
  0x0000023687546960: 4424 0800 | 0000 00eb | 0150 410f | b755 0148 | 8b4d d0c1 | e202 8b5c | d138 c1eb | 1081 e3ff 
  0x0000023687546980: 0000 0081 | fbb2 0000 | 000f 84b4 | 0000 00bb | b200 0000 | e805 0000 | 00e9 9900 | 0000 488b 
  0x00000236875469a0: d348 8d44 | 2408 4c89 | 6dc0 498b | cfc5 f877 | 4989 afb0 | 0300 0049 | 8987 a003 | 0000 4883 
  0x00000236875469c0: ec20 40f6 | c40f 0f84 | 1900 0000 | 4883 ec08 | 48b8 3001 | 9a20 f97f | 0000 ffd0 | 4883 c408 
  0x00000236875469e0: e90c 0000 | 0048 b830 | 019a 20f9 | 7f00 00ff | d048 83c4 | 2049 c787 | a003 0000 | 0000 0000 
  0x0000023687546a00: 49c7 87b0 | 0300 0000 | 0000 0049 | c787 a803 | 0000 0000 | 0000 c5f8 | 7749 837f | 0800 0f84 
  0x0000023687546a20: 0500 0000 | e9d7 a4fe | ff4c 8b6d | c04c 8b75 | c84e 8d74 | f500 c341 | 0fb7 5501 | 488b 4dd0 
  0x0000023687546a40: c1e2 0248 | 8b5c d148 | 8b44 d150 | 4c8b 4cd1 | 404d 8b49 | 704d 8b09 | c1e8 1c83 | e00f 0f85 
  0x0000023687546a60: 0b00 0000 | 410f be04 | 1950 e9b1 | 0000 0083 | f801 0f85 | 0b00 0000 | 410f b604 | 1950 e99d 
  0x0000023687546a80: 0000 0083 | f808 0f85 | 0a00 0000 | 418b 0419 | 50e9 8a00 | 0000 83f8 | 040f 850a | 0000 0041 
  0x0000023687546aa0: 8b04 1950 | e977 0000 | 0083 f802 | 0f85 0b00 | 0000 410f | b704 1950 | e963 0000 | 0083 f803 
  0x0000023687546ac0: 0f85 0b00 | 0000 410f | bf04 1950 | e94f 0000 | 0083 f805 | 0f85 1a00 | 0000 498b | 0419 4883 
  0x0000023687546ae0: ec10 4889 | 0424 48c7 | 4424 0800 | 0000 00e9 | 2c00 0000 | 83f8 060f | 8514 0000 | 00c4 c17a 
  0x0000023687546b00: 1004 1948 | 83ec 08c5 | fa11 0424 | e90f 0000 | 00c4 c17b | 1004 1948 | 83ec 10c5 | fb11 0424 
  0x0000023687546b20: 410f b65d | 0349 83c5 | 0349 ba10 | 2d29 21f9 | 7f00 0041 | ff24 da90 
[/MachCode]

---------------  P R O C E S S  ---------------

Threads class SMR info:
_java_thread_list=0x00000236f2475650, length=1, elements={
0x00000236f23b1bf0
}

Java Threads: ( => current thread )
=>0x00000236f23b1bf0 JavaThread "main"                              [_thread_in_vm, id=26208, stack(0x00000053a7000000,0x00000053a7100000) (1024K)]
Total: 1

Other Threads:
  0x000002368f0d3ff0 VMThread "VM Thread"                           [id=27996, stack(0x00000053a7300000,0x00000053a7400000) (1024K)]
  0x000002368f081c40 WatcherThread "VM Periodic Task Thread"        [id=25076, stack(0x00000053a7200000,0x00000053a7300000) (1024K)]
  0x00000236f23ce8d0 WorkerThread "GC Thread#0"                     [id=30696, stack(0x00000053a7100000,0x00000053a7200000) (1024K)]
Total: 3

Threads with active compile tasks:
Total: 0

VM state: not at safepoint (normal execution)

VM Mutex/Monitor currently owned by a thread:  ([mutex/lock_event])
[0x00007ff92127c4e0] Metaspace_lock - owner thread: 0x00000236f23b1bf0

Heap address: 0x0000000080000000, size: 2048 MB, Compressed Oops mode: 32-bit

CDS archive(s) not mapped
Compressed class space mapped at: 0x0000000100000000-0x0000000140000000, reserved size: 1073741824
Narrow klass base: 0x0000000000000000, Narrow klass shift: 3, Narrow klass range: 0x140000000

GC Precious Log:
 CardTable entry size: 512
 CPUs: 8 total, 8 available
 Memory: 7967M
 Large Page Support: Disabled
 NUMA Support: Disabled
 Compressed Oops: Enabled (32-bit)
 Alignments: Space 512K, Generation 512K, Heap 2M
 Heap Min Capacity: 100M
 Heap Initial Capacity: 100M
 Heap Max Capacity: 2G
 Pre-touch: Disabled
 Parallel Workers: 8

Heap:
 PSYoungGen      total 29696K, used 512K [0x00000000d5580000, 0x00000000d7680000, 0x0000000100000000)
  eden space 25600K, 2% used [0x00000000d5580000,0x00000000d5600070,0x00000000d6e80000)
  from space 4096K, 0% used [0x00000000d7280000,0x00000000d7280000,0x00000000d7680000)
  to   space 4096K, 0% used [0x00000000d6e80000,0x00000000d6e80000,0x00000000d7280000)
 ParOldGen       total 68608K, used 0K [0x0000000080000000, 0x0000000084300000, 0x00000000d5580000)
  object space 68608K, 0% used [0x0000000080000000,0x0000000080000000,0x0000000084300000)
 Metaspace       used 2089K, committed 2112K, reserved 1114112K
  class space    used 169K, committed 192K, reserved 1048576K

Card table byte_map: [0x00000236f1d70000,0x00000236f2180000] _byte_map_base: 0x00000236f1970000

Marking Bits: (ParMarkBitMap*) 0x00007ff921283450
 Begin Bits: [0x00000236f5870000, 0x00000236f7870000)
 End Bits:   [0x00000236f7870000, 0x00000236f9870000)

Polling page: 0x00000236f03b0000

Metaspace:

Usage:
  Non-class:      1.87 MB used.
      Class:    169.20 KB used.
       Both:      2.04 MB used.

Virtual space:
  Non-class space:       64.00 MB reserved,       1.88 MB (  3%) committed,  1 nodes.
      Class space:        1.00 GB reserved,     192.00 KB ( <1%) committed,  1 nodes.
             Both:        1.06 GB reserved,       2.06 MB ( <1%) committed. 

Chunk freelists:
   Non-Class:  12.00 MB
       Class:  15.75 MB
        Both:  27.75 MB

MaxMetaspaceSize: unlimited
CompressedClassSpaceSize: 1.00 GB
Initial GC threshold: 21.00 MB
Current GC threshold: 17179869184.00 GB
CDS: off
 - commit_granule_bytes: 65536.
 - commit_granule_words: 8192.
 - virtual_space_node_default_size: 8388608.
 - enlarge_chunks_in_place: 1.
 - use_allocation_guard: 0.


Internal statistics:

num_allocs_failed_limit: 0.
num_arena_births: 2.
num_arena_deaths: 0.
num_vsnodes_births: 2.
num_vsnodes_deaths: 0.
num_space_committed: 33.
num_space_uncommitted: 0.
num_chunks_returned_to_freelist: 0.
num_chunks_taken_from_freelist: 3.
num_chunk_merges: 0.
num_chunk_splits: 2.
num_chunks_enlarged: 0.
num_inconsistent_stats: 0.

CodeHeap 'non-profiled nmethods': size=120000Kb used=0Kb max_used=0Kb free=120000Kb
 bounds [0x0000023687ad0000, 0x0000023687d40000, 0x000002368f000000]
CodeHeap 'profiled nmethods': size=120000Kb used=0Kb max_used=0Kb free=120000Kb
 bounds [0x0000023680000000, 0x0000023680270000, 0x0000023687530000]
CodeHeap 'non-nmethods': size=5760Kb used=353Kb max_used=353Kb free=5406Kb
 bounds [0x0000023687530000, 0x00000236877a0000, 0x0000023687ad0000]
CodeCache: size=245760Kb, used=353Kb, max_used=353Kb, free=245406Kb
 total_blobs=166, nmethods=0, adapters=136, full_count=0
Compilation: enabled, stopped_count=0, restarted_count=0

Compilation events (0 events):
No events

GC Heap History (0 events):
No events

Dll operation events (2 events):
Event: 0.624 Loaded shared library c:\Users\DELL\.vscode\extensions\redhat.java-1.53.0-win32-x64\jre\21.0.10-win32-x86_64\bin\java.dll
Event: 0.818 Loaded shared library c:\Users\DELL\.vscode\extensions\redhat.java-1.53.0-win32-x64\jre\21.0.10-win32-x86_64\bin\zip.dll

Deoptimization events (0 events):
No events

Classes loaded (20 events):
Event: 0.955 Loading class java/nio/charset/Charset done
Event: 0.955 Loading class sun/nio/cs/StandardCharsets
Event: 0.955 Loading class java/nio/charset/spi/CharsetProvider
Event: 0.955 Loading class java/nio/charset/spi/CharsetProvider done
Event: 0.955 Loading class sun/nio/cs/StandardCharsets done
Event: 0.956 Loading class sun/nio/cs/StandardCharsets$Aliases
Event: 0.956 Loading class sun/util/PreHashedMap
Event: 0.957 Loading class sun/util/PreHashedMap done
Event: 0.957 Loading class sun/nio/cs/StandardCharsets$Aliases done
Event: 0.957 Loading class sun/nio/cs/StandardCharsets$Cache
Event: 0.957 Loading class sun/nio/cs/StandardCharsets$Cache done
Event: 0.957 Loading class sun/nio/cs/UTF_8
Event: 0.958 Loading class sun/nio/cs/Unicode
Event: 0.958 Loading class sun/nio/cs/HistoricallyNamedCharset
Event: 0.958 Loading class sun/nio/cs/HistoricallyNamedCharset done
Event: 0.958 Loading class sun/nio/cs/Unicode done
Event: 0.958 Loading class sun/nio/cs/UTF_8 done
Event: 0.958 Loading class sun/nio/cs/ISO_8859_1
Event: 0.959 Loading class sun/nio/cs/ISO_8859_1 done
Event: 0.959 Loading class sun/nio/cs/US_ASCII

Classes unloaded (0 events):
No events

Classes redefined (0 events):
No events

Internal exceptions (0 events):
No events

ZGC Phase Switch (0 events):
No events

VM Operations (0 events):
No events

Memory protections (0 events):
No events

Nmethod flushes (0 events):
No events

Events (1 events):
Event: 0.690 Thread 0x00000236f23b1bf0 Thread added: 0x00000236f23b1bf0


Dynamic libraries:
0x00007ff64c670000 - 0x00007ff64c67e000 	c:\Users\DELL\.vscode\extensions\redhat.java-1.53.0-win32-x64\jre\21.0.10-win32-x86_64\bin\java.exe
0x00007ff9e1e90000 - 0x00007ff9e2088000 	C:\Windows\SYSTEM32\ntdll.dll
0x00007ff9e0670000 - 0x00007ff9e0732000 	C:\Windows\System32\KERNEL32.DLL
0x00007ff9df810000 - 0x00007ff9dfb06000 	C:\Windows\System32\KERNELBASE.dll
0x00007ff9df710000 - 0x00007ff9df810000 	C:\Windows\System32\ucrtbase.dll
0x00007ff9d6960000 - 0x00007ff9d697e000 	c:\Users\DELL\.vscode\extensions\redhat.java-1.53.0-win32-x64\jre\21.0.10-win32-x86_64\bin\VCRUNTIME140.dll
0x00007ff9d4610000 - 0x00007ff9d4628000 	c:\Users\DELL\.vscode\extensions\redhat.java-1.53.0-win32-x64\jre\21.0.10-win32-x86_64\bin\jli.dll
0x00007ff9e1c10000 - 0x00007ff9e1db1000 	C:\Windows\System32\USER32.dll
0x00007ff9dfe80000 - 0x00007ff9dfea2000 	C:\Windows\System32\win32u.dll
0x00007ff9e1dc0000 - 0x00007ff9e1deb000 	C:\Windows\System32\GDI32.dll
0x00007ff9df570000 - 0x00007ff9df689000 	C:\Windows\System32\gdi32full.dll
0x00007ff9dfbc0000 - 0x00007ff9dfc5d000 	C:\Windows\System32\msvcp_win.dll
0x00007ff9bc0a0000 - 0x00007ff9bc33b000 	C:\Windows\WinSxS\amd64_microsoft.windows.common-controls_6595b64144ccf1df_6.0.19041.6456_none_60b8a6cb71f64256\COMCTL32.dll
0x00007ff9e08a0000 - 0x00007ff9e093e000 	C:\Windows\System32\msvcrt.dll
0x00007ff9e0870000 - 0x00007ff9e089f000 	C:\Windows\System32\IMM32.DLL
0x00007ff9d6c00000 - 0x00007ff9d6c0c000 	c:\Users\DELL\.vscode\extensions\redhat.java-1.53.0-win32-x64\jre\21.0.10-win32-x86_64\bin\vcruntime140_1.dll
0x00007ff9c1fd0000 - 0x00007ff9c205d000 	c:\Users\DELL\.vscode\extensions\redhat.java-1.53.0-win32-x64\jre\21.0.10-win32-x86_64\bin\msvcp140.dll
0x00007ff9205c0000 - 0x00007ff921361000 	c:\Users\DELL\.vscode\extensions\redhat.java-1.53.0-win32-x64\jre\21.0.10-win32-x86_64\bin\server\jvm.dll
0x00007ff9e0ca0000 - 0x00007ff9e0d51000 	C:\Windows\System32\ADVAPI32.dll
0x00007ff9e0ba0000 - 0x00007ff9e0c3f000 	C:\Windows\System32\sechost.dll
0x00007ff9e0750000 - 0x00007ff9e0870000 	C:\Windows\System32\RPCRT4.dll
0x00007ff9dfc60000 - 0x00007ff9dfc87000 	C:\Windows\System32\bcrypt.dll
0x00007ff9e1630000 - 0x00007ff9e169b000 	C:\Windows\System32\WS2_32.dll
0x00007ff9def00000 - 0x00007ff9def4b000 	C:\Windows\SYSTEM32\POWRPROF.dll
0x00007ff9bbf70000 - 0x00007ff9bbf97000 	C:\Windows\SYSTEM32\WINMM.dll
0x00007ff9d30f0000 - 0x00007ff9d30fa000 	C:\Windows\SYSTEM32\VERSION.dll
0x00007ff9dee90000 - 0x00007ff9deea2000 	C:\Windows\SYSTEM32\UMPDC.dll
0x00007ff9ddd30000 - 0x00007ff9ddd42000 	C:\Windows\SYSTEM32\kernel.appcore.dll
0x00007ff9d2c10000 - 0x00007ff9d2c1a000 	c:\Users\DELL\.vscode\extensions\redhat.java-1.53.0-win32-x64\jre\21.0.10-win32-x86_64\bin\jimage.dll
0x00007ff9d9840000 - 0x00007ff9d9a41000 	C:\Windows\SYSTEM32\DBGHELP.DLL
0x00007ff9d3aa0000 - 0x00007ff9d3ad4000 	C:\Windows\SYSTEM32\dbgcore.DLL
0x00007ff9dfc90000 - 0x00007ff9dfd12000 	C:\Windows\System32\bcryptPrimitives.dll
0x00007ff9cac40000 - 0x00007ff9cac4f000 	c:\Users\DELL\.vscode\extensions\redhat.java-1.53.0-win32-x64\jre\21.0.10-win32-x86_64\bin\instrument.dll
0x00007ff9ca550000 - 0x00007ff9ca570000 	c:\Users\DELL\.vscode\extensions\redhat.java-1.53.0-win32-x64\jre\21.0.10-win32-x86_64\bin\java.dll
0x00007ff9c1f50000 - 0x00007ff9c1f68000 	c:\Users\DELL\.vscode\extensions\redhat.java-1.53.0-win32-x64\jre\21.0.10-win32-x86_64\bin\zip.dll
0x00007ff9e0e30000 - 0x00007ff9e15a0000 	C:\Windows\System32\SHELL32.dll
0x00007ff9da430000 - 0x00007ff9dabd5000 	C:\Windows\SYSTEM32\windows.storage.dll
0x00007ff9e1850000 - 0x00007ff9e1ba4000 	C:\Windows\System32\combase.dll
0x00007ff9def50000 - 0x00007ff9def7b000 	C:\Windows\SYSTEM32\Wldp.dll
0x00007ff9e0d60000 - 0x00007ff9e0e2d000 	C:\Windows\System32\OLEAUT32.dll
0x00007ff9e0af0000 - 0x00007ff9e0b9d000 	C:\Windows\System32\SHCORE.dll
0x00007ff9e0520000 - 0x00007ff9e057b000 	C:\Windows\System32\shlwapi.dll
0x00007ff9df450000 - 0x00007ff9df474000 	C:\Windows\SYSTEM32\profapi.dll

JVMTI agents:
c:\Users\DELL\.vscode\extensions\redhat.java-1.53.0-win32-x64\lombok\lombok-1.18.39-4050.jar path:none, loaded, not initialized, instrumentlib options:none

dbghelp: loaded successfully - version: 4.0.5 - missing functions: none
symbol engine: initialized successfully - sym options: 0x614 - pdb path: .;c:\Users\DELL\.vscode\extensions\redhat.java-1.53.0-win32-x64\jre\21.0.10-win32-x86_64\bin;C:\Windows\SYSTEM32;C:\Windows\WinSxS\amd64_microsoft.windows.common-controls_6595b64144ccf1df_6.0.19041.6456_none_60b8a6cb71f64256;c:\Users\DELL\.vscode\extensions\redhat.java-1.53.0-win32-x64\jre\21.0.10-win32-x86_64\bin\server

VM Arguments:
jvm_args: --add-modules=ALL-SYSTEM --add-opens=java.base/java.util=ALL-UNNAMED --add-opens=java.base/java.lang=ALL-UNNAMED --add-opens=java.base/sun.nio.fs=ALL-UNNAMED -Declipse.application=org.eclipse.jdt.ls.core.id1 -Dosgi.bundles.defaultStartLevel=4 -Declipse.product=org.eclipse.jdt.ls.core.product -Djava.import.generatesMetadataFilesAtProjectRoot=false -DDetectVMInstallationsJob.disabled=true -Dfile.encoding=utf8 -XX:+UseParallelGC -XX:GCTimeRatio=4 -XX:AdaptiveSizePolicyWeight=90 -Dsun.zip.disableMemoryMapping=true -Xmx2G -Xms100m -Xlog:disable -javaagent:c:\Users\DELL\.vscode\extensions\redhat.java-1.53.0-win32-x64\lombok\lombok-1.18.39-4050.jar 
java_command: c:\Users\DELL\.vscode\extensions\redhat.java-1.53.0-win32-x64\server\plugins\org.eclipse.equinox.launcher_1.7.100.v20251111-0406.jar -configuration c:\Users\DELL\AppData\Roaming\Code\User\globalStorage\redhat.java\1.53.0\config_ss_win -data c:\Users\DELL\AppData\Roaming\Code\User\workspaceStorage\b34df35f2bf57b3b17f318cf11d9a473\redhat.java\ss_ws --pipe=\\.\pipe\lsp-085e9daf1f52b1917489a0065f801ae1-sock
java_class_path (initial): c:\Users\DELL\.vscode\extensions\redhat.java-1.53.0-win32-x64\server\plugins\org.eclipse.equinox.launcher_1.7.100.v20251111-0406.jar
Launcher Type: SUN_STANDARD

[Global flags]
    uintx AdaptiveSizePolicyWeight                 = 90                                        {product} {command line}
     intx CICompilerCount                          = 4                                         {product} {ergonomic}
    uintx GCTimeRatio                              = 4                                         {product} {command line}
   size_t InitialHeapSize                          = 104857600                                 {product} {command line}
   size_t MaxHeapSize                              = 2147483648                                {product} {command line}
   size_t MaxNewSize                               = 715653120                                 {product} {ergonomic}
   size_t MinHeapDeltaBytes                        = 524288                                    {product} {ergonomic}
   size_t MinHeapSize                              = 104857600                                 {product} {command line}
   size_t NewSize                                  = 34603008                                  {product} {ergonomic}
    uintx NonNMethodCodeHeapSize                   = 5839372                                {pd product} {ergonomic}
    uintx NonProfiledCodeHeapSize                  = 122909434                              {pd product} {ergonomic}
   size_t OldSize                                  = 70254592                                  {product} {ergonomic}
    uintx ProfiledCodeHeapSize                     = 122909434                              {pd product} {ergonomic}
    uintx ReservedCodeCacheSize                    = 251658240                              {pd product} {ergonomic}
     bool SegmentedCodeCache                       = true                                      {product} {ergonomic}
   size_t SoftMaxHeapSize                          = 2147483648                             {manageable} {ergonomic}
     bool UseCompressedOops                        = true                           {product lp64_product} {ergonomic}
     bool UseLargePagesIndividualAllocation        = false                                  {pd product} {ergonomic}
     bool UseParallelGC                            = true                                      {product} {command line}

Logging:
Log output configuration:
 #0: stdout all=off uptime,level,tags foldmultilines=false
 #1: stderr all=off uptime,level,tags foldmultilines=false

Release file:
<release file has not been read>
Environment Variables:
PATH=C:\Users\DELL\AppData\Local\Programs\Microsoft VS Code;C:\Program Files\Common Files\Oracle\Java\javapath;C:\Windows\system32;C:\Windows;C:\Windows\System32\Wbem;C:\Windows\System32\WindowsPowerShell\v1.0\;C:\Windows\System32\OpenSSH\;C:\Program Files\nodejs\;C:\Program Files\Git\cmd;C:\Program Files\Apache\maven\bin;C:\Users\DELL\AppData\Local\Programs\Python\Python311\Scripts\;C:\Users\DELL\AppData\Local\Programs\Python\Python311\;C:\Users\DELL\AppData\Local\Microsoft\WindowsApps;C:\Users\DELL\AppData\Local\Programs\Microsoft VS Code\bin;C:\Users\DELL\AppData\Local\Programs\Antigravity\bin;C:\Users\DELL\AppData\Roaming\npm
USERNAME=DELL
OS=Windows_NT
PROCESSOR_IDENTIFIER=Intel64 Family 6 Model 142 Stepping 12, GenuineIntel
TMP=C:\Users\DELL\AppData\Local\Temp
TEMP=C:\Users\DELL\AppData\Local\Temp




Periodic native trim disabled

---------------  S Y S T E M  ---------------

OS:
 Windows 10 , 64 bit Build 19041 (10.0.19041.5915)
OS uptime: 8 days 18:02 hours

CPU: total 8 (initial active 8) (4 cores per cpu, 2 threads per core) family 6 model 142 stepping 12 microcode 0xb8, cx8, cmov, fxsr, ht, mmx, 3dnowpref, sse, sse2, sse3, ssse3, sse4.1, sse4.2, popcnt, lzcnt, tsc, tscinvbit, avx, avx2, aes, erms, clmul, bmi1, bmi2, rtm, adx, fma, vzeroupper, clflush, clflushopt, rdtscp, f16c
Processor Information for the first 8 processors :
  Max Mhz: 1896, Current Mhz: 1596, Mhz Limit: 1592

Memory: 4k page, system-wide physical 7967M (285M free)
TotalPageFile size 25991M (AvailPageFile size 2M)
current process WorkingSet (physical memory assigned to process): 20M, peak: 20M
current process commit charge ("private bytes"): 209M, peak: 209M

vm_info: OpenJDK 64-Bit Server VM (21.0.10+7-LTS) for windows-amd64 JRE (21.0.10+7-LTS), built on 2026-01-20T00:00:00Z by "admin" with MS VC++ 17.12 (VS2022)

END.
